[INFO] Scanning for projects...
[INFO] 
[INFO] ------------------------------< crm:crm >-------------------------------
[INFO] Building crm 0.0.1-SNAPSHOT
[INFO] --------------------------------[ jar ]---------------------------------
Downloading from central: https://repo.maven.apache.org/maven2/org/apache/maven/plugins/maven-jar-plugin/3.2.2/maven-jar-plugin-3.2.2.pom
Progress (1): 4.1 kBProgress (1): 7.5 kB                    Downloaded from central: https://repo.maven.apache.org/maven2/org/apache/maven/plugins/maven-jar-plugin/3.2.2/maven-jar-plugin-3.2.2.pom (7.5 kB at 31 kB/s)
Downloading from central: https://repo.maven.apache.org/maven2/org/apache/maven/plugins/maven-jar-plugin/3.2.2/maven-jar-plugin-3.2.2.jar
Progress (1): 2.3/29 kBProgress (1): 5.0/29 kBProgress (1): 7.8/29 kBProgress (1): 11/29 kB Progress (1): 13/29 kBProgress (1): 16/29 kBProgress (1): 19/29 kBProgress (1): 21/29 kBProgress (1): 24/29 kBProgress (1): 27/29 kBProgress (1): 29 kB                      Downloaded from central: https://repo.maven.apache.org/maven2/org/apache/maven/plugins/maven-jar-plugin/3.2.2/maven-jar-plugin-3.2.2.jar (29 kB at 639 kB/s)
Downloading from central: https://repo.maven.apache.org/maven2/org/junit/jupiter/junit-jupiter-api/5.9.3/junit-jupiter-api-5.9.3.pom
Progress (1): 3.2 kB                    Downloaded from central: https://repo.maven.apache.org/maven2/org/junit/jupiter/junit-jupiter-api/5.9.3/junit-jupiter-api-5.9.3.pom (3.2 kB at 69 kB/s)
Downloading from central: https://repo.maven.apache.org/maven2/org/junit/jupiter/junit-jupiter-engine/5.9.3/junit-jupiter-engine-5.9.3.pom
Progress (1): 3.2 kB                    Downloaded from central: https://repo.maven.apache.org/maven2/org/junit/jupiter/junit-jupiter-engine/5.9.3/junit-jupiter-engine-5.9.3.pom (3.2 kB at 80 kB/s)
Downloading from central: https://repo.maven.apache.org/maven2/org/mockito/mockito-core/5.3.1/mockito-core-5.3.1.pom
Progress (1): 2.5 kB                    Downloaded from central: https://repo.maven.apache.org/maven2/org/mockito/mockito-core/5.3.1/mockito-core-5.3.1.pom (2.5 kB at 64 kB/s)
Downloading from central: https://repo.maven.apache.org/maven2/org/mockito/mockito-junit-jupiter/5.3.1/mockito-junit-jupiter-5.3.1.pom
Progress (1): 2.3 kB                    Downloaded from central: https://repo.maven.apache.org/maven2/org/mockito/mockito-junit-jupiter/5.3.1/mockito-junit-jupiter-5.3.1.pom (2.3 kB at 59 kB/s)
Downloading from central: https://repo.maven.apache.org/maven2/org/springframework/boot/spring-boot-devtools/2.7.18/spring-boot-devtools-2.7.18.jar
Downloading from central: https://repo.maven.apache.org/maven2/org/springframework/boot/spring-boot-starter-test/2.7.18/spring-boot-starter-test-2.7.18.jar
Downloading from central: https://repo.maven.apache.org/maven2/org/springframework/boot/spring-boot-test/2.7.18/spring-boot-test-2.7.18.jar
Downloading from central: https://repo.maven.apache.org/maven2/org/springframework/boot/spring-boot-test-autoconfigure/2.7.18/spring-boot-test-autoconfigure-2.7.18.jar
Downloading from central: https://repo.maven.apache.org/maven2/org/springframework/spring-test/5.3.31/spring-test-5.3.31.jar
Progress (1): 3.8/203 kBProgress (1): 7.9/203 kBProgress (1): 12/203 kB Progress (1): 16/203 kBProgress (1): 20/203 kBProgress (1): 24/203 kBProgress (1): 28/203 kBProgress (1): 32/203 kBProgress (1): 37/203 kBProgress (1): 41/203 kBProgress (1): 45/203 kBProgress (1): 49/203 kBProgress (1): 53/203 kBProgress (1): 57/203 kBProgress (1): 61/203 kBProgress (1): 65/203 kBProgress (1): 69/203 kBProgress (1): 71/203 kBProgress (1): 76/203 kBProgress (1): 80/203 kBProgress (1): 84/203 kBProgress (1): 88/203 kBProgress (1): 92/203 kBProgress (2): 92/203 kB | 2.3/239 kBProgress (2): 96/203 kB | 2.3/239 kBProgress (2): 100/203 kB | 2.3/239 kBProgress (2): 100/203 kB | 5.5/239 kBProgress (2): 104/203 kB | 5.5/239 kBProgress (2): 104/203 kB | 8.2/239 kBProgress (2): 104/203 kB | 11/239 kB Progress (2): 108/203 kB | 11/239 kBProgress (2): 108/203 kB | 14/239 kBProgress (2): 112/203 kB | 14/239 kBProgress (3): 112/203 kB | 14/239 kB | 2.3/214 kBProgress (3): 112/203 kB | 16/239 kB | 2.3/214 kBProgress (3): 117/203 kB | 16/239 kB | 2.3/214 kBProgress (3): 117/203 kB | 19/239 kB | 2.3/214 kBProgress (3): 117/203 kB | 19/239 kB | 5.0/214 kBProgress (3): 121/203 kB | 19/239 kB | 5.0/214 kBProgress (3): 121/203 kB | 22/239 kB | 5.0/214 kBProgress (3): 121/203 kB | 22/239 kB | 7.8/214 kBProgress (3): 125/203 kB | 22/239 kB | 7.8/214 kBProgress (3): 125/203 kB | 25/239 kB | 7.8/214 kBProgress (3): 125/203 kB | 25/239 kB | 11/214 kB Progress (3): 129/203 kB | 25/239 kB | 11/214 kBProgress (3): 129/203 kB | 27/239 kB | 11/214 kBProgress (3): 133/203 kB | 27/239 kB | 11/214 kBProgress (3): 133/203 kB | 27/239 kB | 14/214 kBProgress (3): 137/203 kB | 27/239 kB | 14/214 kBProgress (3): 137/203 kB | 30/239 kB | 14/214 kBProgress (3): 139/203 kB | 30/239 kB | 14/214 kBProgress (3): 139/203 kB | 33/239 kB | 14/214 kBProgress (3): 139/203 kB | 33/239 kB | 16/214 kBProgress (3): 139/203 kB | 36/239 kB | 16/214 kBProgress (3): 139/203 kB | 36/239 kB | 19/214 kBProgress (3): 139/203 kB | 38/239 kB | 19/214 kBProgress (4): 139/203 kB | 38/239 kB | 19/214 kB | 2.3/792 kBProgress (4): 143/203 kB | 38/239 kB | 19/214 kB | 2.3/792 kBProgress (4): 143/203 kB | 38/239 kB | 19/214 kB | 5.0/792 kBProgress (4): 143/203 kB | 41/239 kB | 19/214 kB | 5.0/792 kBProgress (4): 143/203 kB | 41/239 kB | 22/214 kB | 5.0/792 kBProgress (4): 143/203 kB | 44/239 kB | 22/214 kB | 5.0/792 kBProgress (4): 143/203 kB | 44/239 kB | 22/214 kB | 7.8/792 kBProgress (4): 147/203 kB | 44/239 kB | 22/214 kB | 7.8/792 kBProgress (4): 147/203 kB | 44/239 kB | 22/214 kB | 11/792 kB Progress (4): 147/203 kB | 47/239 kB | 22/214 kB | 11/792 kBProgress (4): 147/203 kB | 47/239 kB | 25/214 kB | 11/792 kBProgress (4): 147/203 kB | 49/239 kB | 25/214 kB | 11/792 kBProgress (4): 147/203 kB | 49/239 kB | 25/214 kB | 13/792 kBProgress (4): 147/203 kB | 52/239 kB | 25/214 kB | 13/792 kBProgress (4): 151/203 kB | 52/239 kB | 25/214 kB | 13/792 kBProgress (4): 151/203 kB | 55/239 kB | 25/214 kB | 13/792 kBProgress (4): 151/203 kB | 55/239 kB | 27/214 kB | 13/792 kBProgress (4): 151/203 kB | 59/239 kB | 27/214 kB | 13/792 kBProgress (4): 155/203 kB | 59/239 kB | 27/214 kB | 13/792 kBProgress (5): 155/203 kB | 59/239 kB | 27/214 kB | 13/792 kB | 2.3/4.8 kBProgress (5): 155/203 kB | 59/239 kB | 27/214 kB | 16/792 kB | 2.3/4.8 kBProgress (5): 160/203 kB | 59/239 kB | 27/214 kB | 16/792 kB | 2.3/4.8 kBProgress (5): 160/203 kB | 61/239 kB | 27/214 kB | 16/792 kB | 2.3/4.8 kBProgress (5): 160/203 kB | 61/239 kB | 30/214 kB | 16/792 kB | 2.3/4.8 kBProgress (5): 164/203 kB | 61/239 kB | 30/214 kB | 16/792 kB | 2.3/4.8 kBProgress (5): 164/203 kB | 66/239 kB | 30/214 kB | 16/792 kB | 2.3/4.8 kBProgress (5): 164/203 kB | 66/239 kB | 30/214 kB | 19/792 kB | 2.3/4.8 kBProgress (5): 164/203 kB | 66/239 kB | 30/214 kB | 19/792 kB | 4.8 kB    Progress (5): 164/203 kB | 66/239 kB | 30/214 kB | 21/792 kB | 4.8 kBProgress (5): 164/203 kB | 70/239 kB | 30/214 kB | 21/792 kB | 4.8 kBProgress (5): 168/203 kB | 70/239 kB | 30/214 kB | 21/792 kB | 4.8 kBProgress (5): 168/203 kB | 70/239 kB | 33/214 kB | 21/792 kB | 4.8 kBProgress (5): 172/203 kB | 70/239 kB | 33/214 kB | 21/792 kB | 4.8 kBProgress (5): 172/203 kB | 74/239 kB | 33/214 kB | 21/792 kB | 4.8 kBProgress (5): 172/203 kB | 74/239 kB | 33/214 kB | 24/792 kB | 4.8 kBProgress (5): 172/203 kB | 78/239 kB | 33/214 kB | 24/792 kB | 4.8 kBProgress (5): 176/203 kB | 78/239 kB | 33/214 kB | 24/792 kB | 4.8 kBProgress (5): 176/203 kB | 78/239 kB | 36/214 kB | 24/792 kB | 4.8 kBProgress (5): 176/203 kB | 82/239 kB | 36/214 kB | 24/792 kB | 4.8 kBProgress (5): 176/203 kB | 82/239 kB | 36/214 kB | 27/792 kB | 4.8 kBProgress (5): 176/203 kB | 82/239 kB | 38/214 kB | 27/792 kB | 4.8 kBProgress (5): 176/203 kB | 86/239 kB | 38/214 kB | 27/792 kB | 4.8 kBProgress (5): 180/203 kB | 86/239 kB | 38/214 kB | 27/792 kB | 4.8 kBProgress (5): 180/203 kB | 86/239 kB | 41/214 kB | 27/792 kB | 4.8 kBProgress (5): 180/203 kB | 86/239 kB | 41/214 kB | 30/792 kB | 4.8 kBProgress (5): 180/203 kB | 90/239 kB | 41/214 kB | 30/792 kB | 4.8 kBProgress (5): 184/203 kB | 90/239 kB | 41/214 kB | 30/792 kB | 4.8 kBProgress (5): 184/203 kB | 94/239 kB | 41/214 kB | 30/792 kB | 4.8 kBProgress (5): 184/203 kB | 94/239 kB | 41/214 kB | 32/792 kB | 4.8 kBProgress (5): 184/203 kB | 94/239 kB | 44/214 kB | 32/792 kB | 4.8 kBProgress (5): 184/203 kB | 98/239 kB | 44/214 kB | 32/792 kB | 4.8 kBProgress (5): 188/203 kB | 98/239 kB | 44/214 kB | 32/792 kB | 4.8 kBProgress (5): 188/203 kB | 98/239 kB | 44/214 kB | 35/792 kB | 4.8 kBProgress (5): 188/203 kB | 102/239 kB | 44/214 kB | 35/792 kB | 4.8 kBProgress (5): 192/203 kB | 102/239 kB | 44/214 kB | 35/792 kB | 4.8 kBProgress (5): 192/203 kB | 102/239 kB | 44/214 kB | 38/792 kB | 4.8 kBProgress (5): 192/203 kB | 106/239 kB | 44/214 kB | 38/792 kB | 4.8 kBProgress (5): 192/203 kB | 106/239 kB | 47/214 kB | 38/792 kB | 4.8 kBProgress (5): 192/203 kB | 106/239 kB | 47/214 kB | 41/792 kB | 4.8 kBProgress (5): 192/203 kB | 111/239 kB | 47/214 kB | 41/792 kB | 4.8 kBProgress (5): 192/203 kB | 111/239 kB | 49/214 kB | 41/792 kB | 4.8 kBProgress (5): 192/203 kB | 115/239 kB | 49/214 kB | 41/792 kB | 4.8 kBProgress (5): 196/203 kB | 115/239 kB | 49/214 kB | 41/792 kB | 4.8 kBProgress (5): 196/203 kB | 115/239 kB | 49/214 kB | 43/792 kB | 4.8 kBProgress (5): 201/203 kB | 115/239 kB | 49/214 kB | 43/792 kB | 4.8 kBProgress (5): 201/203 kB | 115/239 kB | 52/214 kB | 43/792 kB | 4.8 kBProgress (5): 201/203 kB | 115/239 kB | 52/214 kB | 46/792 kB | 4.8 kBProgress (5): 203 kB | 115/239 kB | 52/214 kB | 46/792 kB | 4.8 kB    Progress (5): 203 kB | 119/239 kB | 52/214 kB | 46/792 kB | 4.8 kBProgress (5): 203 kB | 119/239 kB | 52/214 kB | 49/792 kB | 4.8 kBProgress (5): 203 kB | 119/239 kB | 55/214 kB | 49/792 kB | 4.8 kBProgress (5): 203 kB | 119/239 kB | 55/214 kB | 52/792 kB | 4.8 kBProgress (5): 203 kB | 123/239 kB | 55/214 kB | 52/792 kB | 4.8 kBProgress (5): 203 kB | 123/239 kB | 59/214 kB | 52/792 kB | 4.8 kBProgress (5): 203 kB | 123/239 kB | 59/214 kB | 54/792 kB | 4.8 kBProgress (5): 203 kB | 127/239 kB | 59/214 kB | 54/792 kB | 4.8 kBProgress (5): 203 kB | 127/239 kB | 63/214 kB | 54/792 kB | 4.8 kBProgress (5): 203 kB | 129/239 kB | 63/214 kB | 54/792 kB | 4.8 kBProgress (5): 203 kB | 129/239 kB | 63/214 kB | 58/792 kB | 4.8 kBProgress (5): 203 kB | 133/239 kB | 63/214 kB | 58/792 kB | 4.8 kBProgress (5): 203 kB | 133/239 kB | 67/214 kB | 58/792 kB | 4.8 kBProgress (5): 203 kB | 133/239 kB | 67/214 kB | 63/792 kB | 4.8 kBProgress (5): 203 kB | 137/239 kB | 67/214 kB | 63/792 kB | 4.8 kBProgress (5): 203 kB | 137/239 kB | 67/214 kB | 67/792 kB | 4.8 kBProgress (5): 203 kB | 137/239 kB | 71/214 kB | 67/792 kB | 4.8 kBProgress (5): 203 kB | 141/239 kB | 71/214 kB | 67/792 kB | 4.8 kBProgress (5): 203 kB | 141/239 kB | 71/214 kB | 71/792 kB | 4.8 kBProgress (5): 203 kB | 141/239 kB | 75/214 kB | 71/792 kB | 4.8 kBProgress (5): 203 kB | 145/239 kB | 75/214 kB | 71/792 kB | 4.8 kBProgress (5): 203 kB | 145/239 kB | 75/214 kB | 75/792 kB | 4.8 kBProgress (5): 203 kB | 145/239 kB | 79/214 kB | 75/792 kB | 4.8 kBProgress (5): 203 kB | 150/239 kB | 79/214 kB | 75/792 kB | 4.8 kBProgress (5): 203 kB | 150/239 kB | 79/214 kB | 79/792 kB | 4.8 kBProgress (5): 203 kB | 150/239 kB | 83/214 kB | 79/792 kB | 4.8 kBProgress (5): 203 kB | 154/239 kB | 83/214 kB | 79/792 kB | 4.8 kBProgress (5): 203 kB | 154/239 kB | 83/214 kB | 81/792 kB | 4.8 kBProgress (5): 203 kB | 154/239 kB | 87/214 kB | 81/792 kB | 4.8 kBProgress (5): 203 kB | 158/239 kB | 87/214 kB | 81/792 kB | 4.8 kBProgress (5): 203 kB | 158/239 kB | 87/214 kB | 85/792 kB | 4.8 kBProgress (5): 203 kB | 158/239 kB | 92/214 kB | 85/792 kB | 4.8 kBProgress (5): 203 kB | 162/239 kB | 92/214 kB | 85/792 kB | 4.8 kBProgress (5): 203 kB | 162/239 kB | 92/214 kB | 89/792 kB | 4.8 kBProgress (5): 203 kB | 162/239 kB | 96/214 kB | 89/792 kB | 4.8 kBProgress (5): 203 kB | 166/239 kB | 96/214 kB | 89/792 kB | 4.8 kBProgress (5): 203 kB | 166/239 kB | 96/214 kB | 93/792 kB | 4.8 kBProgress (5): 203 kB | 170/239 kB | 96/214 kB | 93/792 kB | 4.8 kBProgress (5): 203 kB | 170/239 kB | 100/214 kB | 93/792 kB | 4.8 kBProgress (5): 203 kB | 170/239 kB | 100/214 kB | 97/792 kB | 4.8 kBProgress (5): 203 kB | 174/239 kB | 100/214 kB | 97/792 kB | 4.8 kBProgress (5): 203 kB | 174/239 kB | 100/214 kB | 102/792 kB | 4.8 kBProgress (5): 203 kB | 174/239 kB | 104/214 kB | 102/792 kB | 4.8 kBProgress (5): 203 kB | 174/239 kB | 104/214 kB | 106/792 kB | 4.8 kBProgress (5): 203 kB | 178/239 kB | 104/214 kB | 106/792 kB | 4.8 kBProgress (5): 203 kB | 178/239 kB | 104/214 kB | 110/792 kB | 4.8 kBProgress (5): 203 kB | 178/239 kB | 108/214 kB | 110/792 kB | 4.8 kBProgress (5): 203 kB | 182/239 kB | 108/214 kB | 110/792 kB | 4.8 kBProgress (5): 203 kB | 182/239 kB | 108/214 kB | 114/792 kB | 4.8 kBProgress (5): 203 kB | 182/239 kB | 112/214 kB | 114/792 kB | 4.8 kBProgress (5): 203 kB | 186/239 kB | 112/214 kB | 114/792 kB | 4.8 kBProgress (5): 203 kB | 186/239 kB | 112/214 kB | 118/792 kB | 4.8 kBProgress (5): 203 kB | 186/239 kB | 116/214 kB | 118/792 kB | 4.8 kBProgress (5): 203 kB | 186/239 kB | 116/214 kB | 122/792 kB | 4.8 kBProgress (5): 203 kB | 191/239 kB | 116/214 kB | 122/792 kB | 4.8 kBProgress (5): 203 kB | 191/239 kB | 120/214 kB | 122/792 kB | 4.8 kBProgress (5): 203 kB | 191/239 kB | 120/214 kB | 126/792 kB | 4.8 kBProgress (5): 203 kB | 195/239 kB | 120/214 kB | 126/792 kB | 4.8 kBProgress (5): 203 kB | 195/239 kB | 122/214 kB | 126/792 kB | 4.8 kBProgress (5): 203 kB | 197/239 kB | 122/214 kB | 126/792 kB | 4.8 kBProgress (5): 203 kB | 197/239 kB | 122/214 kB | 130/792 kB | 4.8 kBProgress (5): 203 kB | 197/239 kB | 126/214 kB | 130/792 kB | 4.8 kBProgress (5): 203 kB | 201/239 kB | 126/214 kB | 130/792 kB | 4.8 kBProgress (5): 203 kB | 201/239 kB | 126/214 kB | 134/792 kB | 4.8 kBProgress (5): 203 kB | 201/239 kB | 131/214 kB | 134/792 kB | 4.8 kBProgress (5): 203 kB | 201/239 kB | 131/214 kB | 138/792 kB | 4.8 kBProgress (5): 203 kB | 205/239 kB | 131/214 kB | 138/792 kB | 4.8 kBProgress (5): 203 kB | 205/239 kB | 135/214 kB | 138/792 kB | 4.8 kBProgress (5): 203 kB | 205/239 kB | 135/214 kB | 142/792 kB | 4.8 kBProgress (5): 203 kB | 209/239 kB | 135/214 kB | 142/792 kB | 4.8 kBProgress (5): 203 kB | 209/239 kB | 139/214 kB | 142/792 kB | 4.8 kBProgress (5): 203 kB | 209/239 kB | 139/214 kB | 147/792 kB | 4.8 kBProgress (5): 203 kB | 213/239 kB | 139/214 kB | 147/792 kB | 4.8 kBProgress (5): 203 kB | 213/239 kB | 143/214 kB | 147/792 kB | 4.8 kBProgress (5): 203 kB | 213/239 kB | 143/214 kB | 149/792 kB | 4.8 kBProgress (5): 203 kB | 217/239 kB | 143/214 kB | 149/792 kB | 4.8 kBProgress (5): 203 kB | 217/239 kB | 147/214 kB | 149/792 kB | 4.8 kBProgress (5): 203 kB | 217/239 kB | 147/214 kB | 153/792 kB | 4.8 kBProgress (5): 203 kB | 221/239 kB | 147/214 kB | 153/792 kB | 4.8 kBProgress (5): 203 kB | 221/239 kB | 151/214 kB | 153/792 kB | 4.8 kBProgress (5): 203 kB | 221/239 kB | 151/214 kB | 157/792 kB | 4.8 kBProgress (5): 203 kB | 221/239 kB | 151/214 kB | 161/792 kB | 4.8 kBProgress (5): 203 kB | 221/239 kB | 155/214 kB | 161/792 kB | 4.8 kBProgress (5): 203 kB | 221/239 kB | 155/214 kB | 165/792 kB | 4.8 kBProgress (5): 203 kB | 225/239 kB | 155/214 kB | 165/792 kB | 4.8 kBProgress (5): 203 kB | 225/239 kB | 159/214 kB | 165/792 kB | 4.8 kBProgress (5): 203 kB | 230/239 kB | 159/214 kB | 165/792 kB | 4.8 kBProgress (5): 203 kB | 230/239 kB | 159/214 kB | 169/792 kB | 4.8 kBProgress (5): 203 kB | 234/239 kB | 159/214 kB | 169/792 kB | 4.8 kBProgress (5): 203 kB | 234/239 kB | 163/214 kB | 169/792 kB | 4.8 kBProgress (5): 203 kB | 234/239 kB | 163/214 kB | 173/792 kB | 4.8 kBProgress (5): 203 kB | 238/239 kB | 163/214 kB | 173/792 kB | 4.8 kBProgress (5): 203 kB | 238/239 kB | 163/214 kB | 177/792 kB | 4.8 kBProgress (5): 203 kB | 238/239 kB | 167/214 kB | 177/792 kB | 4.8 kBProgress (5): 203 kB | 239 kB | 167/214 kB | 177/792 kB | 4.8 kB    Progress (5): 203 kB | 239 kB | 167/214 kB | 181/792 kB | 4.8 kBProgress (5): 203 kB | 239 kB | 172/214 kB | 181/792 kB | 4.8 kBProgress (5): 203 kB | 239 kB | 172/214 kB | 186/792 kB | 4.8 kBProgress (5): 203 kB | 239 kB | 176/214 kB | 186/792 kB | 4.8 kBProgress (5): 203 kB | 239 kB | 176/214 kB | 190/792 kB | 4.8 kBProgress (5): 203 kB | 239 kB | 180/214 kB | 190/792 kB | 4.8 kBProgress (5): 203 kB | 239 kB | 180/214 kB | 194/792 kB | 4.8 kBProgress (5): 203 kB | 239 kB | 184/214 kB | 194/792 kB | 4.8 kBProgress (5): 203 kB | 239 kB | 184/214 kB | 198/792 kB | 4.8 kBProgress (5): 203 kB | 239 kB | 188/214 kB | 198/792 kB | 4.8 kB                                                                Downloaded from central: https://repo.maven.apache.org/maven2/org/springframework/boot/spring-boot-devtools/2.7.18/spring-boot-devtools-2.7.18.jar (203 kB at 2.8 MB/s)
Progress (4): 239 kB | 188/214 kB | 202/792 kB | 4.8 kB                                                       Downloading from central: https://repo.maven.apache.org/maven2/org/springframework/security/spring-security-test/5.7.11/spring-security-test-5.7.11.jar
Progress (4): 239 kB | 192/214 kB | 202/792 kB | 4.8 kBProgress (4): 239 kB | 192/214 kB | 206/792 kB | 4.8 kBProgress (4): 239 kB | 194/214 kB | 206/792 kB | 4.8 kBProgress (4): 239 kB | 198/214 kB | 206/792 kB | 4.8 kBProgress (4): 239 kB | 198/214 kB | 210/792 kB | 4.8 kBProgress (4): 239 kB | 202/214 kB | 210/792 kB | 4.8 kBProgress (4): 239 kB | 202/214 kB | 214/792 kB | 4.8 kBProgress (4): 239 kB | 206/214 kB | 214/792 kB | 4.8 kBProgress (4): 239 kB | 206/214 kB | 216/792 kB | 4.8 kBProgress (4): 239 kB | 210/214 kB | 216/792 kB | 4.8 kBProgress (4): 239 kB | 210/214 kB | 220/792 kB | 4.8 kBProgress (4): 239 kB | 214 kB | 220/792 kB | 4.8 kB                                                       Downloaded from central: https://repo.maven.apache.org/maven2/org/springframework/boot/spring-boot-starter-test/2.7.18/spring-boot-starter-test-2.7.18.jar (4.8 kB at 64 kB/s)
Progress (3): 239 kB | 214 kB | 225/792 kB                                          Downloading from central: https://repo.maven.apache.org/maven2/org/junit/jupiter/junit-jupiter-api/5.9.3/junit-jupiter-api-5.9.3.jar
Progress (3): 239 kB | 214 kB | 229/792 kBProgress (3): 239 kB | 214 kB | 233/792 kBProgress (3): 239 kB | 214 kB | 237/792 kBProgress (3): 239 kB | 214 kB | 241/792 kBProgress (3): 239 kB | 214 kB | 245/792 kBProgress (3): 239 kB | 214 kB | 249/792 kBProgress (3): 239 kB | 214 kB | 253/792 kBProgress (3): 239 kB | 214 kB | 257/792 kBProgress (3): 239 kB | 214 kB | 261/792 kBProgress (3): 239 kB | 214 kB | 266/792 kBProgress (3): 239 kB | 214 kB | 270/792 kBProgress (3): 239 kB | 214 kB | 274/792 kBProgress (3): 239 kB | 214 kB | 278/792 kBProgress (3): 239 kB | 214 kB | 282/792 kBProgress (3): 239 kB | 214 kB | 286/792 kBProgress (3): 239 kB | 214 kB | 290/792 kBProgress (3): 239 kB | 214 kB | 294/792 kBProgress (3): 239 kB | 214 kB | 298/792 kBProgress (3): 239 kB | 214 kB | 302/792 kBProgress (3): 239 kB | 214 kB | 306/792 kBProgress (3): 239 kB | 214 kB | 311/792 kBProgress (3): 239 kB | 214 kB | 315/792 kBProgress (3): 239 kB | 214 kB | 319/792 kBProgress (3): 239 kB | 214 kB | 323/792 kBProgress (3): 239 kB | 214 kB | 327/792 kBProgress (3): 239 kB | 214 kB | 331/792 kBProgress (3): 239 kB | 214 kB | 335/792 kBProgress (3): 239 kB | 214 kB | 339/792 kBProgress (3): 239 kB | 214 kB | 343/792 kBProgress (3): 239 kB | 214 kB | 347/792 kBProgress (3): 239 kB | 214 kB | 352/792 kBProgress (3): 239 kB | 214 kB | 356/792 kBProgress (3): 239 kB | 214 kB | 360/792 kBProgress (3): 239 kB | 214 kB | 364/792 kBProgress (3): 239 kB | 214 kB | 368/792 kBProgress (3): 239 kB | 214 kB | 372/792 kBProgress (3): 239 kB | 214 kB | 376/792 kBProgress (3): 239 kB | 214 kB | 380/792 kBProgress (3): 239 kB | 214 kB | 384/792 kBProgress (3): 239 kB | 214 kB | 388/792 kBProgress (3): 239 kB | 214 kB | 393/792 kBProgress (3): 239 kB | 214 kB | 397/792 kBProgress (3): 239 kB | 214 kB | 401/792 kBProgress (3): 239 kB | 214 kB | 405/792 kBProgress (3): 239 kB | 214 kB | 409/792 kBProgress (3): 239 kB | 214 kB | 413/792 kBProgress (3): 239 kB | 214 kB | 417/792 kBProgress (3): 239 kB | 214 kB | 421/792 kBProgress (3): 239 kB | 214 kB | 425/792 kBProgress (3): 239 kB | 214 kB | 429/792 kBProgress (3): 239 kB | 214 kB | 433/792 kBProgress (3): 239 kB | 214 kB | 438/792 kBProgress (3): 239 kB | 214 kB | 442/792 kBProgress (3): 239 kB | 214 kB | 446/792 kBProgress (3): 239 kB | 214 kB | 450/792 kBProgress (3): 239 kB | 214 kB | 454/792 kBProgress (3): 239 kB | 214 kB | 458/792 kBProgress (3): 239 kB | 214 kB | 462/792 kBProgress (3): 239 kB | 214 kB | 466/792 kBProgress (3): 239 kB | 214 kB | 470/792 kBProgress (3): 239 kB | 214 kB | 474/792 kBProgress (3): 239 kB | 214 kB | 479/792 kBProgress (3): 239 kB | 214 kB | 483/792 kBProgress (3): 239 kB | 214 kB | 487/792 kBProgress (3): 239 kB | 214 kB | 491/792 kBProgress (3): 239 kB | 214 kB | 495/792 kBProgress (3): 239 kB | 214 kB | 499/792 kBProgress (3): 239 kB | 214 kB | 503/792 kBProgress (3): 239 kB | 214 kB | 507/792 kBProgress (3): 239 kB | 214 kB | 511/792 kBProgress (3): 239 kB | 214 kB | 515/792 kBProgress (3): 239 kB | 214 kB | 519/792 kBProgress (3): 239 kB | 214 kB | 524/792 kBProgress (3): 239 kB | 214 kB | 528/792 kBProgress (3): 239 kB | 214 kB | 532/792 kBProgress (3): 239 kB | 214 kB | 536/792 kBProgress (3): 239 kB | 214 kB | 540/792 kBProgress (3): 239 kB | 214 kB | 544/792 kBProgress (3): 239 kB | 214 kB | 548/792 kBProgress (3): 239 kB | 214 kB | 552/792 kBProgress (3): 239 kB | 214 kB | 556/792 kBProgress (3): 239 kB | 214 kB | 560/792 kBProgress (3): 239 kB | 214 kB | 565/792 kBProgress (3): 239 kB | 214 kB | 569/792 kBProgress (3): 239 kB | 214 kB | 573/792 kBProgress (3): 239 kB | 214 kB | 577/792 kBProgress (3): 239 kB | 214 kB | 581/792 kBProgress (3): 239 kB | 214 kB | 585/792 kBProgress (3): 239 kB | 214 kB | 589/792 kBProgress (3): 239 kB | 214 kB | 593/792 kBProgress (3): 239 kB | 214 kB | 597/792 kBProgress (3): 239 kB | 214 kB | 601/792 kBProgress (3): 239 kB | 214 kB | 606/792 kBProgress (3): 239 kB | 214 kB | 610/792 kBProgress (3): 239 kB | 214 kB | 614/792 kBProgress (3): 239 kB | 214 kB | 618/792 kBProgress (3): 239 kB | 214 kB | 622/792 kBProgress (3): 239 kB | 214 kB | 626/792 kBProgress (3): 239 kB | 214 kB | 630/792 kBProgress (3): 239 kB | 214 kB | 634/792 kBProgress (3): 239 kB | 214 kB | 638/792 kBProgress (3): 239 kB | 214 kB | 642/792 kBProgress (3): 239 kB | 214 kB | 646/792 kBProgress (3): 239 kB | 214 kB | 651/792 kBProgress (3): 239 kB | 214 kB | 655/792 kBProgress (3): 239 kB | 214 kB | 659/792 kBProgress (3): 239 kB | 214 kB | 663/792 kBProgress (3): 239 kB | 214 kB | 667/792 kBProgress (3): 239 kB | 214 kB | 671/792 kBProgress (3): 239 kB | 214 kB | 675/792 kBProgress (3): 239 kB | 214 kB | 679/792 kBProgress (3): 239 kB | 214 kB | 683/792 kBProgress (3): 239 kB | 214 kB | 687/792 kBProgress (3): 239 kB | 214 kB | 692/792 kBProgress (3): 239 kB | 214 kB | 696/792 kBProgress (3): 239 kB | 214 kB | 700/792 kBProgress (3): 239 kB | 214 kB | 704/792 kBProgress (4): 239 kB | 214 kB | 704/792 kB | 4.1/128 kBProgress (4): 239 kB | 214 kB | 708/792 kB | 4.1/128 kBProgress (4): 239 kB | 214 kB | 708/792 kB | 7.7/128 kBProgress (4): 239 kB | 214 kB | 712/792 kB | 7.7/128 kBProgress (4): 239 kB | 214 kB | 716/792 kB | 7.7/128 kB                                                       Downloaded from central: https://repo.maven.apache.org/maven2/org/springframework/boot/spring-boot-test/2.7.18/spring-boot-test-2.7.18.jar (239 kB at 2.6 MB/s)
Progress (3): 214 kB | 716/792 kB | 12/128 kB                                             Downloaded from central: https://repo.maven.apache.org/maven2/org/springframework/boot/spring-boot-test-autoconfigure/2.7.18/spring-boot-test-autoconfigure-2.7.18.jar (214 kB at 2.3 MB/s)
Downloading from central: https://repo.maven.apache.org/maven2/org/junit/jupiter/junit-jupiter-engine/5.9.3/junit-jupiter-engine-5.9.3.jar
Downloading from central: https://repo.maven.apache.org/maven2/org/mockito/mockito-core/5.3.1/mockito-core-5.3.1.jar
Progress (2): 716/792 kB | 16/128 kBProgress (2): 720/792 kB | 16/128 kBProgress (2): 724/792 kB | 16/128 kBProgress (2): 728/792 kB | 16/128 kBProgress (2): 732/792 kB | 16/128 kBProgress (2): 732/792 kB | 20/128 kBProgress (2): 732/792 kB | 24/128 kBProgress (2): 737/792 kB | 24/128 kBProgress (2): 737/792 kB | 28/128 kBProgress (2): 741/792 kB | 28/128 kBProgress (2): 741/792 kB | 32/128 kBProgress (2): 745/792 kB | 32/128 kBProgress (2): 749/792 kB | 32/128 kBProgress (2): 749/792 kB | 36/128 kBProgress (2): 749/792 kB | 41/128 kBProgress (2): 749/792 kB | 45/128 kBProgress (2): 749/792 kB | 49/128 kBProgress (2): 753/792 kB | 49/128 kBProgress (2): 757/792 kB | 49/128 kBProgress (2): 761/792 kB | 49/128 kBProgress (2): 765/792 kB | 49/128 kBProgress (2): 765/792 kB | 53/128 kBProgress (2): 765/792 kB | 57/128 kBProgress (2): 765/792 kB | 61/128 kBProgress (2): 765/792 kB | 65/128 kBProgress (2): 769/792 kB | 65/128 kBProgress (2): 773/792 kB | 65/128 kBProgress (2): 778/792 kB | 65/128 kBProgress (2): 782/792 kB | 65/128 kBProgress (2): 782/792 kB | 69/128 kBProgress (2): 782/792 kB | 73/128 kBProgress (2): 782/792 kB | 77/128 kBProgress (2): 786/792 kB | 77/128 kBProgress (2): 786/792 kB | 81/128 kBProgress (2): 790/792 kB | 81/128 kBProgress (2): 792 kB | 81/128 kB    Progress (2): 792 kB | 86/128 kBProgress (2): 792 kB | 90/128 kBProgress (2): 792 kB | 94/128 kBProgress (2): 792 kB | 98/128 kBProgress (2): 792 kB | 102/128 kBProgress (2): 792 kB | 106/128 kBProgress (2): 792 kB | 110/128 kBProgress (2): 792 kB | 114/128 kBProgress (2): 792 kB | 118/128 kBProgress (2): 792 kB | 122/128 kBProgress (2): 792 kB | 127/128 kBProgress (2): 792 kB | 128 kB    Progress (3): 792 kB | 128 kB | 2.3/208 kBProgress (3): 792 kB | 128 kB | 5.0/208 kBProgress (3): 792 kB | 128 kB | 7.8/208 kBProgress (3): 792 kB | 128 kB | 11/208 kB Progress (3): 792 kB | 128 kB | 13/208 kBProgress (3): 792 kB | 128 kB | 16/208 kBProgress (3): 792 kB | 128 kB | 19/208 kBProgress (3): 792 kB | 128 kB | 21/208 kBProgress (3): 792 kB | 128 kB | 24/208 kBProgress (3): 792 kB | 128 kB | 27/208 kBProgress (3): 792 kB | 128 kB | 29/208 kBProgress (3): 792 kB | 128 kB | 32/208 kBProgress (3): 792 kB | 128 kB | 35/208 kBProgress (3): 792 kB | 128 kB | 38/208 kBProgress (3): 792 kB | 128 kB | 40/208 kBProgress (3): 792 kB | 128 kB | 43/208 kBProgress (3): 792 kB | 128 kB | 46/208 kBProgress (3): 792 kB | 128 kB | 49/208 kBProgress (3): 792 kB | 128 kB | 53/208 kBProgress (3): 792 kB | 128 kB | 57/208 kBProgress (3): 792 kB | 128 kB | 61/208 kBProgress (3): 792 kB | 128 kB | 65/208 kBProgress (3): 792 kB | 128 kB | 69/208 kBProgress (3): 792 kB | 128 kB | 73/208 kBProgress (3): 792 kB | 128 kB | 77/208 kBProgress (3): 792 kB | 128 kB | 81/208 kBProgress (3): 792 kB | 128 kB | 85/208 kBProgress (3): 792 kB | 128 kB | 89/208 kBProgress (3): 792 kB | 128 kB | 94/208 kBProgress (3): 792 kB | 128 kB | 98/208 kBProgress (3): 792 kB | 128 kB | 102/208 kBProgress (3): 792 kB | 128 kB | 106/208 kBProgress (3): 792 kB | 128 kB | 110/208 kBProgress (3): 792 kB | 128 kB | 114/208 kBProgress (3): 792 kB | 128 kB | 116/208 kBProgress (3): 792 kB | 128 kB | 120/208 kBProgress (3): 792 kB | 128 kB | 124/208 kBProgress (3): 792 kB | 128 kB | 128/208 kBProgress (3): 792 kB | 128 kB | 133/208 kBProgress (3): 792 kB | 128 kB | 137/208 kBProgress (3): 792 kB | 128 kB | 141/208 kBProgress (3): 792 kB | 128 kB | 145/208 kBProgress (3): 792 kB | 128 kB | 149/208 kBProgress (3): 792 kB | 128 kB | 153/208 kBProgress (3): 792 kB | 128 kB | 157/208 kBProgress (3): 792 kB | 128 kB | 161/208 kBProgress (3): 792 kB | 128 kB | 165/208 kBProgress (3): 792 kB | 128 kB | 168/208 kBProgress (3): 792 kB | 128 kB | 172/208 kBProgress (3): 792 kB | 128 kB | 176/208 kBProgress (3): 792 kB | 128 kB | 180/208 kBProgress (3): 792 kB | 128 kB | 184/208 kBProgress (3): 792 kB | 128 kB | 188/208 kBProgress (3): 792 kB | 128 kB | 192/208 kBProgress (3): 792 kB | 128 kB | 196/208 kBProgress (3): 792 kB | 128 kB | 200/208 kBProgress (3): 792 kB | 128 kB | 204/208 kBProgress (3): 792 kB | 128 kB | 208 kB    Progress (4): 792 kB | 128 kB | 208 kB | 4.1/247 kBProgress (4): 792 kB | 128 kB | 208 kB | 7.7/247 kBProgress (4): 792 kB | 128 kB | 208 kB | 12/247 kB Progress (4): 792 kB | 128 kB | 208 kB | 16/247 kBProgress (4): 792 kB | 128 kB | 208 kB | 20/247 kBProgress (4): 792 kB | 128 kB | 208 kB | 24/247 kBProgress (4): 792 kB | 128 kB | 208 kB | 28/247 kBProgress (4): 792 kB | 128 kB | 208 kB | 32/247 kBProgress (4): 792 kB | 128 kB | 208 kB | 36/247 kBProgress (4): 792 kB | 128 kB | 208 kB | 41/247 kBProgress (4): 792 kB | 128 kB | 208 kB | 45/247 kBProgress (5): 792 kB | 128 kB | 208 kB | 45/247 kB | 3.4/689 kBProgress (5): 792 kB | 128 kB | 208 kB | 49/247 kB | 3.4/689 kBProgress (5): 792 kB | 128 kB | 208 kB | 53/247 kB | 3.4/689 kBProgress (5): 792 kB | 128 kB | 208 kB | 57/247 kB | 3.4/689 kBProgress (5): 792 kB | 128 kB | 208 kB | 61/247 kB | 3.4/689 kBProgress (5): 792 kB | 128 kB | 208 kB | 61/247 kB | 7.5/689 kBProgress (5): 792 kB | 128 kB | 208 kB | 61/247 kB | 12/689 kB Progress (5): 792 kB | 128 kB | 208 kB | 61/247 kB | 16/689 kBProgress (5): 792 kB | 128 kB | 208 kB | 65/247 kB | 16/689 kBProgress (5): 792 kB | 128 kB | 208 kB | 65/247 kB | 20/689 kBProgress (5): 792 kB | 128 kB | 208 kB | 69/247 kB | 20/689 kBProgress (5): 792 kB | 128 kB | 208 kB | 73/247 kB | 20/689 kBProgress (5): 792 kB | 128 kB | 208 kB | 77/247 kB | 20/689 kBProgress (5): 792 kB | 128 kB | 208 kB | 77/247 kB | 24/689 kBProgress (5): 792 kB | 128 kB | 208 kB | 81/247 kB | 24/689 kBProgress (5): 792 kB | 128 kB | 208 kB | 81/247 kB | 28/689 kBProgress (5): 792 kB | 128 kB | 208 kB | 86/247 kB | 28/689 kBProgress (5): 792 kB | 128 kB | 208 kB | 86/247 kB | 32/689 kBProgress (5): 792 kB | 128 kB | 208 kB | 90/247 kB | 32/689 kBProgress (5): 792 kB | 128 kB | 208 kB | 90/247 kB | 36/689 kBProgress (5): 792 kB | 128 kB | 208 kB | 94/247 kB | 36/689 kBProgress (5): 792 kB | 128 kB | 208 kB | 98/247 kB | 36/689 kBProgress (5): 792 kB | 128 kB | 208 kB | 98/247 kB | 40/689 kBProgress (5): 792 kB | 128 kB | 208 kB | 102/247 kB | 40/689 kBProgress (5): 792 kB | 128 kB | 208 kB | 102/247 kB | 44/689 kBProgress (5): 792 kB | 128 kB | 208 kB | 106/247 kB | 44/689 kBProgress (5): 792 kB | 128 kB | 208 kB | 106/247 kB | 48/689 kBProgress (5): 792 kB | 128 kB | 208 kB | 110/247 kB | 48/689 kBProgress (5): 792 kB | 128 kB | 208 kB | 110/247 kB | 53/689 kBProgress (5): 792 kB | 128 kB | 208 kB | 114/247 kB | 53/689 kBProgress (5): 792 kB | 128 kB | 208 kB | 118/247 kB | 53/689 kBProgress (5): 792 kB | 128 kB | 208 kB | 118/247 kB | 57/689 kBProgress (5): 792 kB | 128 kB | 208 kB | 122/247 kB | 57/689 kBProgress (5): 792 kB | 128 kB | 208 kB | 122/247 kB | 61/689 kBProgress (5): 792 kB | 128 kB | 208 kB | 127/247 kB | 61/689 kBProgress (5): 792 kB | 128 kB | 208 kB | 127/247 kB | 65/689 kBProgress (5): 792 kB | 128 kB | 208 kB | 127/247 kB | 69/689 kBProgress (5): 792 kB | 128 kB | 208 kB | 131/247 kB | 69/689 kBProgress (5): 792 kB | 128 kB | 208 kB | 135/247 kB | 69/689 kBProgress (5): 792 kB | 128 kB | 208 kB | 135/247 kB | 73/689 kBProgress (5): 792 kB | 128 kB | 208 kB | 139/247 kB | 73/689 kBProgress (5): 792 kB | 128 kB | 208 kB | 139/247 kB | 77/689 kBProgress (5): 792 kB | 128 kB | 208 kB | 143/247 kB | 77/689 kBProgress (5): 792 kB | 128 kB | 208 kB | 143/247 kB | 81/689 kBProgress (5): 792 kB | 128 kB | 208 kB | 143/247 kB | 85/689 kBProgress (5): 792 kB | 128 kB | 208 kB | 147/247 kB | 85/689 kBProgress (5): 792 kB | 128 kB | 208 kB | 151/247 kB | 85/689 kBProgress (5): 792 kB | 128 kB | 208 kB | 151/247 kB | 89/689 kBProgress (5): 792 kB | 128 kB | 208 kB | 155/247 kB | 89/689 kBProgress (5): 792 kB | 128 kB | 208 kB | 155/247 kB | 94/689 kBProgress (5): 792 kB | 128 kB | 208 kB | 159/247 kB | 94/689 kBProgress (5): 792 kB | 128 kB | 208 kB | 159/247 kB | 98/689 kBProgress (5): 792 kB | 128 kB | 208 kB | 159/247 kB | 102/689 kBProgress (5): 792 kB | 128 kB | 208 kB | 163/247 kB | 102/689 kBProgress (5): 792 kB | 128 kB | 208 kB | 167/247 kB | 102/689 kBProgress (5): 792 kB | 128 kB | 208 kB | 172/247 kB | 102/689 kBProgress (5): 792 kB | 128 kB | 208 kB | 172/247 kB | 106/689 kBProgress (5): 792 kB | 128 kB | 208 kB | 176/247 kB | 106/689 kBProgress (5): 792 kB | 128 kB | 208 kB | 176/247 kB | 110/689 kBProgress (5): 792 kB | 128 kB | 208 kB | 176/247 kB | 114/689 kBProgress (5): 792 kB | 128 kB | 208 kB | 176/247 kB | 118/689 kBProgress (5): 792 kB | 128 kB | 208 kB | 180/247 kB | 118/689 kBProgress (5): 792 kB | 128 kB | 208 kB | 184/247 kB | 118/689 kBProgress (5): 792 kB | 128 kB | 208 kB | 188/247 kB | 118/689 kB                                                                Downloaded from central: https://repo.maven.apache.org/maven2/org/springframework/security/spring-security-test/5.7.11/spring-security-test-5.7.11.jar (128 kB at 1.1 MB/s)
Progress (4): 792 kB | 208 kB | 192/247 kB | 118/689 kBProgress (4): 792 kB | 208 kB | 192/247 kB | 122/689 kB                                                       Downloading from central: https://repo.maven.apache.org/maven2/org/mockito/mockito-junit-jupiter/5.3.1/mockito-junit-jupiter-5.3.1.jar
Progress (4): 792 kB | 208 kB | 192/247 kB | 126/689 kBProgress (4): 792 kB | 208 kB | 192/247 kB | 130/689 kBProgress (4): 792 kB | 208 kB | 192/247 kB | 134/689 kBProgress (4): 792 kB | 208 kB | 196/247 kB | 134/689 kBProgress (4): 792 kB | 208 kB | 200/247 kB | 134/689 kBProgress (4): 792 kB | 208 kB | 204/247 kB | 134/689 kBProgress (4): 792 kB | 208 kB | 208/247 kB | 134/689 kBProgress (4): 792 kB | 208 kB | 208/247 kB | 139/689 kBProgress (4): 792 kB | 208 kB | 208/247 kB | 143/689 kBProgress (4): 792 kB | 208 kB | 208/247 kB | 147/689 kBProgress (4): 792 kB | 208 kB | 208/247 kB | 151/689 kBProgress (4): 792 kB | 208 kB | 213/247 kB | 151/689 kBProgress (4): 792 kB | 208 kB | 217/247 kB | 151/689 kBProgress (4): 792 kB | 208 kB | 221/247 kB | 151/689 kB                                                       Downloaded from central: https://repo.maven.apache.org/maven2/org/springframework/spring-test/5.3.31/spring-test-5.3.31.jar (792 kB at 7.0 MB/s)
Progress (3): 208 kB | 221/247 kB | 155/689 kBProgress (3): 208 kB | 225/247 kB | 155/689 kBProgress (3): 208 kB | 225/247 kB | 159/689 kBProgress (3): 208 kB | 225/247 kB | 163/689 kBProgress (3): 208 kB | 225/247 kB | 167/689 kBProgress (3): 208 kB | 229/247 kB | 167/689 kBProgress (3): 208 kB | 233/247 kB | 167/689 kBProgress (3): 208 kB | 233/247 kB | 171/689 kBProgress (3): 208 kB | 237/247 kB | 171/689 kBProgress (3): 208 kB | 237/247 kB | 175/689 kBProgress (3): 208 kB | 241/247 kB | 175/689 kBProgress (3): 208 kB | 241/247 kB | 180/689 kBProgress (3): 208 kB | 241/247 kB | 184/689 kBProgress (3): 208 kB | 245/247 kB | 184/689 kBProgress (3): 208 kB | 247 kB | 184/689 kB    Progress (3): 208 kB | 247 kB | 188/689 kBProgress (3): 208 kB | 247 kB | 192/689 kBProgress (3): 208 kB | 247 kB | 196/689 kBProgress (3): 208 kB | 247 kB | 200/689 kBProgress (3): 208 kB | 247 kB | 204/689 kBProgress (3): 208 kB | 247 kB | 208/689 kBProgress (3): 208 kB | 247 kB | 212/689 kBProgress (3): 208 kB | 247 kB | 216/689 kBProgress (3): 208 kB | 247 kB | 220/689 kBProgress (3): 208 kB | 247 kB | 225/689 kBProgress (3): 208 kB | 247 kB | 229/689 kBProgress (3): 208 kB | 247 kB | 233/689 kBProgress (3): 208 kB | 247 kB | 237/689 kBProgress (3): 208 kB | 247 kB | 241/689 kBProgress (3): 208 kB | 247 kB | 245/689 kBProgress (3): 208 kB | 247 kB | 249/689 kBProgress (3): 208 kB | 247 kB | 253/689 kBProgress (3): 208 kB | 247 kB | 257/689 kBProgress (3): 208 kB | 247 kB | 261/689 kBProgress (3): 208 kB | 247 kB | 266/689 kBProgress (3): 208 kB | 247 kB | 270/689 kBProgress (3): 208 kB | 247 kB | 274/689 kBProgress (3): 208 kB | 247 kB | 278/689 kBProgress (3): 208 kB | 247 kB | 282/689 kBProgress (3): 208 kB | 247 kB | 286/689 kBProgress (3): 208 kB | 247 kB | 290/689 kBProgress (3): 208 kB | 247 kB | 294/689 kBProgress (3): 208 kB | 247 kB | 298/689 kBProgress (3): 208 kB | 247 kB | 302/689 kBProgress (3): 208 kB | 247 kB | 307/689 kBProgress (3): 208 kB | 247 kB | 311/689 kBProgress (3): 208 kB | 247 kB | 315/689 kBProgress (3): 208 kB | 247 kB | 319/689 kBProgress (3): 208 kB | 247 kB | 323/689 kBProgress (3): 208 kB | 247 kB | 327/689 kBProgress (3): 208 kB | 247 kB | 331/689 kBProgress (3): 208 kB | 247 kB | 335/689 kBProgress (3): 208 kB | 247 kB | 339/689 kBProgress (3): 208 kB | 247 kB | 343/689 kBProgress (3): 208 kB | 247 kB | 347/689 kBProgress (3): 208 kB | 247 kB | 352/689 kBProgress (3): 208 kB | 247 kB | 356/689 kBProgress (3): 208 kB | 247 kB | 360/689 kBProgress (3): 208 kB | 247 kB | 364/689 kBProgress (3): 208 kB | 247 kB | 368/689 kBProgress (3): 208 kB | 247 kB | 372/689 kBProgress (3): 208 kB | 247 kB | 376/689 kBProgress (3): 208 kB | 247 kB | 380/689 kBProgress (3): 208 kB | 247 kB | 384/689 kBProgress (3): 208 kB | 247 kB | 388/689 kBProgress (3): 208 kB | 247 kB | 393/689 kBProgress (3): 208 kB | 247 kB | 397/689 kBProgress (3): 208 kB | 247 kB | 401/689 kBProgress (3): 208 kB | 247 kB | 405/689 kBProgress (3): 208 kB | 247 kB | 409/689 kBProgress (3): 208 kB | 247 kB | 413/689 kBProgress (3): 208 kB | 247 kB | 417/689 kBProgress (3): 208 kB | 247 kB | 421/689 kBProgress (3): 208 kB | 247 kB | 425/689 kBProgress (3): 208 kB | 247 kB | 429/689 kBProgress (3): 208 kB | 247 kB | 433/689 kBProgress (3): 208 kB | 247 kB | 438/689 kBProgress (3): 208 kB | 247 kB | 442/689 kBProgress (3): 208 kB | 247 kB | 446/689 kBProgress (3): 208 kB | 247 kB | 450/689 kBProgress (3): 208 kB | 247 kB | 454/689 kBProgress (3): 208 kB | 247 kB | 458/689 kBProgress (3): 208 kB | 247 kB | 462/689 kBProgress (3): 208 kB | 247 kB | 466/689 kBProgress (3): 208 kB | 247 kB | 470/689 kBProgress (3): 208 kB | 247 kB | 474/689 kBProgress (3): 208 kB | 247 kB | 479/689 kBProgress (3): 208 kB | 247 kB | 483/689 kBProgress (3): 208 kB | 247 kB | 487/689 kBProgress (3): 208 kB | 247 kB | 491/689 kBProgress (3): 208 kB | 247 kB | 495/689 kBProgress (3): 208 kB | 247 kB | 499/689 kBProgress (3): 208 kB | 247 kB | 503/689 kBProgress (3): 208 kB | 247 kB | 507/689 kBProgress (3): 208 kB | 247 kB | 511/689 kBProgress (3): 208 kB | 247 kB | 515/689 kBProgress (3): 208 kB | 247 kB | 519/689 kBProgress (3): 208 kB | 247 kB | 524/689 kBProgress (3): 208 kB | 247 kB | 528/689 kBProgress (3): 208 kB | 247 kB | 532/689 kBProgress (3): 208 kB | 247 kB | 536/689 kBProgress (3): 208 kB | 247 kB | 540/689 kBProgress (3): 208 kB | 247 kB | 544/689 kBProgress (3): 208 kB | 247 kB | 548/689 kBProgress (3): 208 kB | 247 kB | 552/689 kBProgress (3): 208 kB | 247 kB | 556/689 kBProgress (3): 208 kB | 247 kB | 560/689 kBProgress (3): 208 kB | 247 kB | 565/689 kBProgress (3): 208 kB | 247 kB | 569/689 kBProgress (3): 208 kB | 247 kB | 573/689 kBProgress (3): 208 kB | 247 kB | 577/689 kBProgress (3): 208 kB | 247 kB | 581/689 kBProgress (3): 208 kB | 247 kB | 585/689 kBProgress (3): 208 kB | 247 kB | 589/689 kBProgress (3): 208 kB | 247 kB | 593/689 kBProgress (3): 208 kB | 247 kB | 597/689 kBProgress (3): 208 kB | 247 kB | 601/689 kBProgress (3): 208 kB | 247 kB | 606/689 kBProgress (3): 208 kB | 247 kB | 610/689 kBProgress (3): 208 kB | 247 kB | 614/689 kBProgress (3): 208 kB | 247 kB | 618/689 kBProgress (3): 208 kB | 247 kB | 622/689 kBProgress (3): 208 kB | 247 kB | 626/689 kBProgress (3): 208 kB | 247 kB | 630/689 kBProgress (3): 208 kB | 247 kB | 634/689 kBProgress (3): 208 kB | 247 kB | 638/689 kBProgress (3): 208 kB | 247 kB | 642/689 kBProgress (3): 208 kB | 247 kB | 646/689 kBProgress (3): 208 kB | 247 kB | 651/689 kBProgress (3): 208 kB | 247 kB | 655/689 kBProgress (3): 208 kB | 247 kB | 659/689 kBProgress (3): 208 kB | 247 kB | 663/689 kBProgress (3): 208 kB | 247 kB | 667/689 kBProgress (3): 208 kB | 247 kB | 671/689 kBProgress (3): 208 kB | 247 kB | 675/689 kBProgress (3): 208 kB | 247 kB | 679/689 kBProgress (3): 208 kB | 247 kB | 683/689 kBProgress (3): 208 kB | 247 kB | 687/689 kBProgress (3): 208 kB | 247 kB | 689 kB    Progress (4): 208 kB | 247 kB | 689 kB | 4.1/5.5 kBProgress (4): 208 kB | 247 kB | 689 kB | 5.5 kB                                                   Downloaded from central: https://repo.maven.apache.org/maven2/org/junit/jupiter/junit-jupiter-engine/5.9.3/junit-jupiter-engine-5.9.3.jar (247 kB at 1.9 MB/s)
Downloaded from central: https://repo.maven.apache.org/maven2/org/junit/jupiter/junit-jupiter-api/5.9.3/junit-jupiter-api-5.9.3.jar (208 kB at 1.5 MB/s)
Downloaded from central: https://repo.maven.apache.org/maven2/org/mockito/mockito-core/5.3.1/mockito-core-5.3.1.jar (689 kB at 4.8 MB/s)
Downloaded from central: https://repo.maven.apache.org/maven2/org/mockito/mockito-junit-jupiter/5.3.1/mockito-junit-jupiter-5.3.1.jar (5.5 kB at 37 kB/s)
[INFO] 
[INFO] --- maven-clean-plugin:3.2.0:clean (default-clean) @ crm ---
[INFO] Deleting /modernize-data/studio-data/TNT1001/APP1267/transformed-code/411/studio-workspace/MODTEST/target
[INFO] 
[INFO] --- maven-resources-plugin:3.2.0:resources (default-resources) @ crm ---
[INFO] Using 'UTF-8' encoding to copy filtered resources.
[INFO] Using 'UTF-8' encoding to copy filtered properties files.
[INFO] Copying 1 resource
[INFO] Copying 56 resources
[INFO] 
[INFO] --- maven-compiler-plugin:3.11.0:compile (default-compile) @ crm ---
[INFO] Changes detected - recompiling the module! :source
[INFO] Compiling 49 source files with javac [debug target 17] to target/classes
[INFO] -------------------------------------------------------------
[WARNING] COMPILATION WARNING : 
[INFO] -------------------------------------------------------------
[WARNING] system modules path not set in conjunction with -source 17
[INFO] 1 warning
[INFO] -------------------------------------------------------------
[INFO] -------------------------------------------------------------
[ERROR] COMPILATION ERROR : 
[INFO] -------------------------------------------------------------
[ERROR] /modernize-data/studio-data/TNT1001/APP1267/transformed-code/411/studio-workspace/MODTEST/src/main/java/crm/SecurityConfig.java:[46,25] method requestMatchers in class org.springframework.security.config.annotation.web.AbstractRequestMatcherRegistry<C> cannot be applied to given types;
  required: org.springframework.security.web.util.matcher.RequestMatcher[]
  found:    java.lang.String,java.lang.String
  reason: varargs mismatch; java.lang.String cannot be converted to org.springframework.security.web.util.matcher.RequestMatcher
[INFO] 1 error
[INFO] -------------------------------------------------------------
[INFO] ------------------------------------------------------------------------
[INFO] BUILD FAILURE
[INFO] ------------------------------------------------------------------------
[INFO] Total time:  3.216 s
[INFO] Finished at: 2026-02-05T14:25:58Z
[INFO] ------------------------------------------------------------------------
[ERROR] Failed to execute goal org.apache.maven.plugins:maven-compiler-plugin:3.11.0:compile (default-compile) on project crm: Compilation failure
[ERROR] /modernize-data/studio-data/TNT1001/APP1267/transformed-code/411/studio-workspace/MODTEST/src/main/java/crm/SecurityConfig.java:[46,25] method requestMatchers in class org.springframework.security.config.annotation.web.AbstractRequestMatcherRegistry<C> cannot be applied to given types;
[ERROR]   required: org.springframework.security.web.util.matcher.RequestMatcher[]
[ERROR]   found:    java.lang.String,java.lang.String
[ERROR]   reason: varargs mismatch; java.lang.String cannot be converted to org.springframework.security.web.util.matcher.RequestMatcher
[ERROR] 
[ERROR] -> [Help 1]
[ERROR] 
[ERROR] To see the full stack trace of the errors, re-run Maven with the -e switch.
[ERROR] Re-run Maven using the -X switch to enable full debug logging.
[ERROR] 
[ERROR] For more information about the errors and possible solutions, please read the following articles:
[ERROR] [Help 1] http://cwiki.apache.org/confluence/display/MAVEN/MojoFailureException
